[2026-07-30T07:55:28] run_date=2026-07-30 opportunities=40
  نسخه برنامه: 3.0.0
  فایل تنظیمات: /home/runner/work/OptimizationExpert.github.io/OptimizationExpert.github.io/seo_bot_config.json
  حالت اجرا: کامل
  فایل‌های محلی سایت: 25 صفحه از /home/runner/work/OptimizationExpert.github.io/OptimizationExpert.github.io
  Sitemap: 23 نشانی
  صفحات زنده سایت: 23 صفحه خوانده شد
  کل صفحات برای مقایسه: 23
  Keyword Planner: فایل پیدا نشد؛ حجم ماهانه نمایش داده نمی‌شود
  Search Console CSV: فایل پیدا نشد
  Search Console API: تنظیم نشده
  کلمات ثابت پایش‌شده: 105
  Queryهای اکتشافی مرحله اول: 30
  کل Queryهای مرحله اول: 135
  Google Search Autocomplete: 135 query موفق، 0 ناموفق، 47 مشاهده
  YouTube Autocomplete: 135 query موفق، 0 ناموفق، 360 مشاهده
  Bing Autocomplete: 135 query موفق، 0 ناموفق، 69 مشاهده
  DuckDuckGo Autocomplete: 135 query موفق، 0 ناموفق، 21 مشاهده
  Queryهای مرحله دوم: 16
  Google Search Autocomplete — مرحله دوم: 16 query موفق، 0 ناموفق، 15 مشاهده
  YouTube Autocomplete — مرحله دوم: 16 query موفق، 0 ناموفق، 7 مشاهده
  Bing Autocomplete — مرحله دوم: 16 query موفق، 0 ناموفق، 26 مشاهده
  DuckDuckGo Autocomplete — مرحله دوم: 16 query موفق، 0 ناموفق، 6 مشاهده
  Stack Exchange: 4 سؤال مرتبط از 4 نتیجه؛ 0 query ناموفق
  Serper / Google SERP: تنظیم نشده؛ رقابت SERP و PAA اندازه‌گیری نشد
  کاندیدای خام: 350
  فرصت نهایی: 40
  حذف‌شده به دلیل صفحه موجود: 4
  Telegram: تنظیم نشده
  TOP1: mixed integer linear programming python | opportunity=75.3
  TOP2: دانلود جزوه آموزش پایتون | opportunity=67.4
  TOP3: linear programming python library | opportunity=66.9
  TOP4: linear programming python pulp | opportunity=66.6
  TOP5: mixed integer quadratic programming python | opportunity=66.4
[2026-07-30T08:04:13] run_date=2026-07-30 opportunities=40
  نسخه برنامه: 3.0.0
  فایل تنظیمات: /home/runner/work/OptimizationExpert.github.io/OptimizationExpert.github.io/seo_bot_config.json
  حالت اجرا: کامل
  فایل‌های محلی سایت: 25 صفحه از /home/runner/work/OptimizationExpert.github.io/OptimizationExpert.github.io
  Sitemap: 27 نشانی
  صفحات زنده سایت: 27 صفحه خوانده شد
  کل صفحات برای مقایسه: 25
  Keyword Planner: فایل پیدا نشد؛ حجم ماهانه نمایش داده نمی‌شود
  Search Console CSV: فایل پیدا نشد
  Search Console API: تنظیم نشده
  کلمات ثابت پایش‌شده: 105
  Queryهای اکتشافی مرحله اول: 30
  کل Queryهای مرحله اول: 135
  Google Search Autocomplete: 135 query موفق، 0 ناموفق، 47 مشاهده
  YouTube Autocomplete: 135 query موفق، 0 ناموفق، 365 مشاهده
  Bing Autocomplete: 135 query موفق، 0 ناموفق، 69 مشاهده
  DuckDuckGo Autocomplete: 135 query موفق، 0 ناموفق، 24 مشاهده
  Queryهای مرحله دوم: 16
  Google Search Autocomplete — مرحله دوم: 16 query موفق، 0 ناموفق، 15 مشاهده
  YouTube Autocomplete — مرحله دوم: 16 query موفق، 0 ناموفق، 7 مشاهده
  Bing Autocomplete — مرحله دوم: 16 query موفق، 0 ناموفق، 26 مشاهده
  DuckDuckGo Autocomplete — مرحله دوم: 16 query موفق، 0 ناموفق، 6 مشاهده
  Stack Exchange: 4 سؤال مرتبط از 4 نتیجه؛ 0 query ناموفق
  Serper / Google SERP: تنظیم نشده؛ رقابت SERP و PAA اندازه‌گیری نشد
  کاندیدای خام: 352
  فرصت نهایی: 40
  حذف‌شده به دلیل صفحه موجود: 22
  Telegram: تنظیم نشده
  TOP1: دراگون وی پی اس | opportunity=60.2
  TOP2: پتالوژی کلیه | opportunity=57.6
  TOP3: ترکمنعالم ماهواره | opportunity=57.4
  TOP4: گاباپنتین | opportunity=56.0
  TOP5: توابع دو متغیره | opportunity=55.7
